==============================================================================
Power-grid LG-ODE benchmark
model:                 persistence
task:                  interpolation
observed fraction:     0.8
data:                  C:\Users\nsubedi\Documents\lgode\LG-ODE\data\simbench_paper\1-MV-rural--0-sw.npz
SimBench code:         1-MV-rural--0-sw
nodes:                 97
features:              4
physical edges:        194
candidate pairs:        9312
device:                cuda
parameters:            0
trainable parameters:  0
windows train/val/test: 1024/219/219
result:                C:\Users\nsubedi\Documents\lgode\LG-ODE\results\main_id_rural_s0\id_rural_s0__interpolation__obs80__persistence__seed1.json
checkpoint:            C:\Users\nsubedi\Documents\lgode\LG-ODE\checkpoints\main_id_rural_s0\id_rural_s0__interpolation__obs80__persistence__seed1.pt
==============================================================================
==============================================================================
Final result
best epoch:       0
validation MSE:   0.00415341
test MSE:         0.00642143
test MAE:         0.01071978
training seconds: 0.00
test seconds:     6.85
wrote:            C:\Users\nsubedi\Documents\lgode\LG-ODE\results\main_id_rural_s0\id_rural_s0__interpolation__obs80__persistence__seed1.json
==============================================================================
